[mmservicinginc.com/index.html]
[backblue.gif]
[fade.gif]
[index.html]
[mmservicinginc.com/assets/images/png/favicon.png]
[mmservicinginc.com/assets/libs/bootstrap-icons/font/bootstrap-icons.css]
[mmservicinginc.com/assets/libs/tiny-slider/dist/tiny-slider.css]
[mmservicinginc.com/assets/libs/nouislider/dist/nouislider.min.css]
[mmservicinginc.com/assets/fonts/flat-font-icons/css/flaticon.css]
[mmservicinginc.com/assets/fonts/fontello-icons/fontello.css]
[mmservicinginc.com/assets/libs/magnific-popup/dist/magnific-popup.css]
[mmservicinginc.com/assets/libs/jquery-ui/dist/themes/base/jquery-ui.min.css]
[mmservicinginc.com/user/sweetalert2/sweetalert2.min.css]
[mmservicinginc.com/assets/fonts/Roobert-Light.lite.woff]
[mmservicinginc.com/assets/css/theme.min.css]
[mmservicinginc.com/assets/fonts/Roobert-Regular.lite.woff2]
[mmservicinginc.com/assets/fonts/Roobert-Regular.lite.woff]
[mmservicinginc.com/assets/fonts/Roobert-Medium.lite.woff2]
[mmservicinginc.com/assets/fonts/Roobert-Medium.lite.woff]
[mmservicinginc.com/assets/fonts/Roobert-SemiBold.lite.woff2]
[mmservicinginc.com/assets/fonts/Roobert-SemiBold.lite.woff]
[mmservicinginc.com/assets/fonts/Roobert-Bold.lite.woff2]
[mmservicinginc.com/assets/fonts/Roobert-Bold.lite.woff]
[mmservicinginc.com/assets/fonts/Roobert-Heavy.lite.woff2]
[mmservicinginc.com/assets/fonts/Roobert-Heavy.lite.woff]
[mmservicinginc.com/images/logo.png]
[mmservicinginc.com/pages/insights.html]
[mmservicinginc.com/pages/partners.html]
[mmservicinginc.com/pages/contact-us.html]
[mmservicinginc.com/pages/resources.html]
[mmservicinginc.com/pages/marketplace.html]
[mmservicinginc.com/pages/about.html]
[mmservicinginc.com/pages/press.html]
[mmservicinginc.com/pages/careers.html]
[mmservicinginc.com/assets/images/slider/sa_slide_1.jpg]
[mmservicinginc.com/assets/images/slider/bgsleis.jpg]
[mmservicinginc.com/assets/images/slider/homepage-background.jpg]
[mmservicinginc.com/images/SL-homepage-image-hero_optimized.webp]
[mmservicinginc.com/images/rocket-icon.svg]
[mmservicinginc.com/images/loc-icon-2.svg]
[mmservicinginc.com/images/payroll-icon.svg]
[mmservicinginc.com/images/personal-loan-bullseye.webp]
[mmservicinginc.com/pages/line-of-credit.html]
[mmservicinginc.com/assets/images/blog/blog-img.jpg]
[mmservicinginc.com/assets/images/blog/blog-img-1.jpg]
[mmservicinginc.com/assets/images/blog/blog-img-2.jpg]
[mmservicinginc.com/images/mortgage-rate.svg]
[mmservicinginc.com/images/rating-review.svg]
[mmservicinginc.com/images/payment-calculator.svg]
[mmservicinginc.com/images/credit-score.svg]
[mmservicinginc.com/assets/images/background/cta-img.jpg]
[mmservicinginc.com/images/cash-back.svg]
[mmservicinginc.com/images/high-fiver.svg]
[mmservicinginc.com/images/budgeting.svg]
[mmservicinginc.com/images/what-is-a-personal-loan.jpg]
[mmservicinginc.com/images/benefits-of-loans.jpg]
[mmservicinginc.com/assets/images/avatar/avatar-1.jpg]
[mmservicinginc.com/assets/images/avatar/avatar-2.jpg]
[mmservicinginc.com/assets/images/avatar/avatar-4.jpg]
[mmservicinginc.com/images/logo-abc-hp.png]
[mmservicinginc.com/images/logo-usa-today.png]
[mmservicinginc.com/images/logo-cnn-hp.png]
[mmservicinginc.com/images/logo-ny-times.png]
[mmservicinginc.com/assets/images/brand/company-logo/logo-5.jpg]
[mmservicinginc.com/images/logo-entrepreneur.png]
[mmservicinginc.com/images/logo-white.png]
[mmservicinginc.com/partners.html]
[mmservicinginc.com/insights.html]
[mmservicinginc.com/pages/terms.html]
[mmservicinginc.com/pages/privacy.html]
[mmservicinginc.com/assets/libs/jquery/dist/jquery.min.js]
[mmservicinginc.com/assets/libs/bootstrap/dist/js/bootstrap.bundle.min.js]
[mmservicinginc.com/assets/libs/tiny-slider/dist/min/tiny-slider.js]
[mmservicinginc.com/assets/libs/nouislider/dist/nouislider.min.js]
[mmservicinginc.com/assets/libs/wnumb/wNumb.min.js]
[mmservicinginc.com/assets/libs/magnific-popup/dist/jquery.magnific-popup.min.js]
[mmservicinginc.com/assets/libs/isotope-layout/dist/isotope.pkgd.min.js]
[mmservicinginc.com/assets/libs/imagesloaded/imagesloaded.pkgd.min.js]
[mmservicinginc.com/assets/libs/prismjs/prism.js]
[mmservicinginc.com/cdnjs.cloudflare.com/ajax/libs/clipboard.js/1.5.12/clipboard.min.js]
[mmservicinginc.com/index.html]
[mmservicinginc.com/assets/js/theme.min.js]
[mmservicinginc.com/user/sweetalert2/sweetalert2.min.js]
[mmservicinginc.com/assets/libs/bootstrap-icons/font/fonts/bootstrap-iconsbf04bf04bf04.woff2]
[mmservicinginc.com/assets/libs/bootstrap-icons/font/fonts/bootstrap-iconsbf04bf04bf04.woff]
[mmservicinginc.com/assets/libs/bootstrap-icons/font/bootstrap-icons.css]
[mmservicinginc.com/assets/libs/tiny-slider/dist/tiny-slider.css]
[mmservicinginc.com/assets/libs/nouislider/dist/nouislider.min.css]
[mmservicinginc.com/assets/fonts/flat-font-icons/fonts/Flaticon.eot]
[mmservicinginc.com/assets/fonts/flat-font-icons/fonts/Flaticond41dd41dd41d.eot]
[mmservicinginc.com/assets/fonts/flat-font-icons/fonts/Flaticon.woff]
[mmservicinginc.com/assets/fonts/flat-font-icons/css/flaticon.css]
[mmservicinginc.com/assets/fonts/flat-font-icons/fonts/Flaticon.ttf]
[mmservicinginc.com/assets/fonts/flat-font-icons/fonts/Flaticon.svg]
[mmservicinginc.com/assets/fonts/fontello-icons/fontello-font/fontelloeeb8eeb8eeb8.woff2]
[mmservicinginc.com/assets/fonts/fontello-icons/fontello-font/fontelloeeb8eeb8eeb8.eot]
[mmservicinginc.com/assets/fonts/fontello-icons/fontello-font/fontelloeeb8eeb8eeb8.woff]
[mmservicinginc.com/assets/fonts/fontello-icons/fontello-font/fontelloeeb8eeb8eeb8.ttf]
[mmservicinginc.com/assets/fonts/fontello-icons/fontello.css]
[mmservicinginc.com/assets/libs/magnific-popup/dist/magnific-popup.css]
[mmservicinginc.com/assets/fonts/fontello-icons/fontello-font/fontelloeeb8eeb8eeb8.svg]
[mmservicinginc.com/assets/libs/jquery-ui/dist/themes/base/images/ui-icons_444444_256x240.png]
[mmservicinginc.com/assets/libs/jquery-ui/dist/themes/base/images/ui-icons_555555_256x240.png]
[mmservicinginc.com/assets/libs/jquery-ui/dist/themes/base/images/ui-icons_ffffff_256x240.png]
[mmservicinginc.com/assets/libs/jquery-ui/dist/themes/base/images/ui-icons_777620_256x240.png]
[mmservicinginc.com/assets/libs/jquery-ui/dist/themes/base/images/ui-icons_cc0000_256x240.png]
[mmservicinginc.com/assets/libs/jquery-ui/dist/themes/base/images/ui-icons_777777_256x240.png]
[mmservicinginc.com/assets/libs/jquery-ui/dist/themes/base/jquery-ui.min.css]
[mmservicinginc.com/user/sweetalert2/sweetalert2.min.css]
[mmservicinginc.com/assets/css/theme.min.css]
[mmservicinginc.com/assets/font-awesome/5.15.3/css/all.min.css]
[mmservicinginc.com/assets/fonts/Roobert-Light.lite.woff2]
[mmservicinginc.com/index-3.html]
[mmservicinginc.com/index-2.html]
[mmservicinginc.com/images/shmiggle.fd4fcd1.png]
[mmservicinginc.com/assets/images/background/dots-2.png]
[mmservicinginc.com/images/loan-approved-53876-125133.jpg]
[mmservicinginc.com/assets/images/background/dots.png]
[mmservicinginc.com/images/136b99077abe98ddd777da4dbb250539.svg]
[mmservicinginc.com/pages/insights.html]
[mmservicinginc.com/assets/images/svg/graphics-1.svg]
[mmservicinginc.com/images/1178856357-612x612.jpg]
[mmservicinginc.com/images/zigzag-long.257f8ba.png]
[mmservicinginc.com/images/partner1.png]
[mmservicinginc.com/images/partner2.webp]
[mmservicinginc.com/images/partner3.webp]
[mmservicinginc.com/images/partner4.png]
[mmservicinginc.com/images/partner5.png]
[mmservicinginc.com/images/partner6.png]
[mmservicinginc.com/images/partner7.png]
[mmservicinginc.com/images/partner8.png]
[mmservicinginc.com/images/partner9.png]
[mmservicinginc.com/images/partner10.png]
[mmservicinginc.com/images/partner11.png]
[mmservicinginc.com/images/1326458117-612x612.jpg]
[mmservicinginc.com/pages/partners.html]
[mmservicinginc.com/assets/images/background/page-header.jpg]
[mmservicinginc.com/user/ajaxloader/loader.gif]
[mmservicinginc.com/pages/contact-us.html]
[mmservicinginc.com/images/1319763433-612x612.jpg]
[mmservicinginc.com/images/contract-during-meeting-office_637285-1743.png]
[mmservicinginc.com/pages/resources.html]
[mmservicinginc.com/images/1309118129-612x612.jpg]
[mmservicinginc.com/images/920x0.webp]
[mmservicinginc.com/images/920x1.webp]
[mmservicinginc.com/images/920x2.webp]
[mmservicinginc.com/images/920x3.webp]
[mmservicinginc.com/images/920x4.webp]
[mmservicinginc.com/images/920x5.webp]
[mmservicinginc.com/images/920x6.webp]
[mmservicinginc.com/images/920x7.webp]
[mmservicinginc.com/images/920x8.webp]
[mmservicinginc.com/images/920x9.webp]
[mmservicinginc.com/images/920x10.webp]
[mmservicinginc.com/images/920x11.webp]
[mmservicinginc.com/images/920x12.webp]
[mmservicinginc.com/images/920x13.webp]
[mmservicinginc.com/images/920x14.webp]
[mmservicinginc.com/images/920x15.webp]
[mmservicinginc.com/images/920x16.webp]
[mmservicinginc.com/images/920x17.webp]
[mmservicinginc.com/pages/marketplace.html]
[mmservicinginc.com/images/lseizawoe.webp]
[mmservicinginc.com/images/businesswoman-in-a-blue.webp]
[mmservicinginc.com/images/370x20.webp]
[mmservicinginc.com/images/370x2.webp]
[mmservicinginc.com/images/370x3.webp]
[mmservicinginc.com/images/370x5.webp]
[mmservicinginc.com/images/370x6.webp]
[mmservicinginc.com/images/370x7.webp]
[mmservicinginc.com/images/370x8.webp]
[mmservicinginc.com/images/370x9.webp]
[mmservicinginc.com/images/370x11.webp]
[mmservicinginc.com/images/370x12.webp]
[mmservicinginc.com/images/370x14.webp]
[mmservicinginc.com/images/370x15.webp]
[mmservicinginc.com/images/frobe.webp]
[mmservicinginc.com/images/incpri.webp]
[mmservicinginc.com/images/great.webp]
[mmservicinginc.com/pages/about.html]
[mmservicinginc.com/images/05145535-612x612.jpg]
[mmservicinginc.com/pages/press.html]
[mmservicinginc.com/images/planet.svg]
[mmservicinginc.com/images/handshake.svg]
[mmservicinginc.com/images/heart.svg]
[mmservicinginc.com/images/550x0.webp]
[mmservicinginc.com/images/370x0.webp]
[mmservicinginc.com/images/550x1.webp]
[mmservicinginc.com/images/9sse.webp]
[mmservicinginc.com/images/5155.webp]
[mmservicinginc.com/pages/careers.html]
[mmservicinginc.com/pages/application.html]
[mmservicinginc.com/pages/lterms.html]
[mmservicinginc.com/pages/register.html]
[mmservicinginc.com/images/rocket-icon.svg]
[mmservicinginc.com/images/loc-icon-2.svg]
[mmservicinginc.com/images/payroll-icon.svg]
[mmservicinginc.com/pages/application-2.html]
[mmservicinginc.com/assets/images/background/hero-modern-img.jpg]
[mmservicinginc.com/assets/images/background/hero-graphic-2.png]
[mmservicinginc.com/assets/images/background/hero-graphic-3.png]
[mmservicinginc.com/assets/images/background/personal-loan-img.jpg]
[mmservicinginc.com/assets/images/background/mortgage.jpg]
[mmservicinginc.com/pages/line-of-credit.html]
[mmservicinginc.com/images/mortgage-rate.svg]
[mmservicinginc.com/images/rating-review.svg]
[mmservicinginc.com/images/payment-calculator.svg]
[mmservicinginc.com/images/credit-score.svg]
[mmservicinginc.com/images/cash-back.svg]
[mmservicinginc.com/images/high-fiver.svg]
[mmservicinginc.com/images/budgeting.svg]
[mmservicinginc.com/partners.html]
[mmservicinginc.com/insights.html]
[mmservicinginc.com/pages/terms.html]
[mmservicinginc.com/pages/privacy.html]
[mmservicinginc.com/assets/libs/jquery/dist/jquery.min.js]
[mmservicinginc.com/assets/libs/bootstrap/dist/js/bootstrap.bundle.min.js]
[mmservicinginc.com/assets/libs/tiny-slider/dist/min/tiny-slider.js]
[mmservicinginc.com/assets/libs/nouislider/dist/nouislider.min.js]
[mmservicinginc.com/assets/libs/wnumb/wNumb.min.js]
[mmservicinginc.com/assets/libs/magnific-popup/dist/jquery.magnific-popup.min.js]
[mmservicinginc.com/assets/libs/isotope-layout/dist/isotope.pkgd.min.js]
[mmservicinginc.com/assets/libs/imagesloaded/imagesloaded.pkgd.min.js]
[mmservicinginc.com/GET.b3.delayed]
[mmservicinginc.com/assets/libs/prismjs/prism.js]
[mmservicinginc.com/cdnjs.cloudflare.com/ajax/libs/clipboard.js/1.5.12/clipboard.min.js]
[mmservicinginc.com/assets/js/theme.min.js]
[mmservicinginc.com/user/sweetalert2/sweetalert2.min.js]
[mmservicinginc.com/assets/fonts/flat-font-icons/fonts/Flaticon.svg]
[mmservicinginc.com/assets/fonts/fontello-icons/fontello-font/fontelloeeb8eeb8eeb8.svg]
[mmservicinginc.com/assets/font-awesome/5.15.3/css/all.min.css]
[mmservicinginc.com/index-3.html]
[mmservicinginc.com/assets/images/svg/graphics-1.svg]
[mmservicinginc.com/externale367e367.html]
[mmservicinginc.com/images/136b99077abe98ddd777da4dbb250539.svg]
[mmservicinginc.com/user/inc/process_contact_ajax.html]
[mmservicinginc.com/images/planet.svg]
[mmservicinginc.com/images/handshake.svg]
[mmservicinginc.com/images/heart.svg]
[mmservicinginc.com/images/apply-now-button.png]
[mmservicinginc.com/pages/application-2.html]
[mmservicinginc.com/GET.html]
[mmservicinginc.com/externale367e367.html]
[mmservicinginc.com/user/inc/process_loan_application.html]
